\BOOKMARK [0][-]{chapter*.3}{\376\377\000L\000i\000s\000t\000\040\000o\000f\000\040\000T\000a\000b\000l\000e\000s}{}% 1
\BOOKMARK [0][-]{chapter*.4}{\376\377\000L\000i\000s\000t\000\040\000o\000f\000\040\000F\000i\000g\000u\000r\000e\000s}{}% 2
\BOOKMARK [0][-]{chapter*.5}{\376\377\000L\000i\000s\000t\000\040\000o\000f\000\040\000A\000b\000b\000r\000e\000v\000i\000a\000t\000i\000o\000n\000s}{}% 3
\BOOKMARK [0][-]{chapter*.6}{\376\377\000A\000b\000s\000t\000r\000a\000c\000t}{}% 4
\BOOKMARK [0][-]{chapter.1}{\376\377\000I\000n\000t\000r\000o\000d\000u\000c\000t\000i\000o\000n}{}% 5
\BOOKMARK [1][-]{section.1.1}{\376\377\000T\000h\000e\000\040\000n\000e\000c\000e\000s\000s\000i\000t\000y\000\040\000o\000f\000\040\000f\000l\000o\000o\000d\000\040\000r\000e\000p\000o\000r\000t\000i\000n\000g\000\040\000a\000n\000d\000\040\000r\000e\000l\000i\000e\000f\000\040\000c\000o\000o\000r\000d\000i\000n\000a\000t\000i\000o\000n\000\040\000b\000y\000\040\000i\000n\000f\000o\000r\000m\000a\000t\000i\000o\000n\000\040\000t\000e\000c\000h\000n\000o\000l\000o\000g\000y}{chapter.1}% 6
\BOOKMARK [2][-]{subsection.1.1.1}{\376\377\000W\000h\000a\000t\000\040\000i\000s\000\040\000f\000l\000o\000o\000d\000\040\000r\000e\000p\000o\000r\000t\000i\000n\000g\000\040\000a\000n\000d\000\040\000r\000e\000l\000i\000e\000f\000\040\000c\000o\000o\000r\000d\000i\000n\000a\000t\000i\000o\000n\000\040\000b\000y\000\040\000t\000e\000c\000h\000n\000o\000l\000o\000g\000y\000?}{section.1.1}% 7
\BOOKMARK [2][-]{subsection.1.1.2}{\376\377\000S\000o\000m\000e\000\040\000a\000p\000p\000r\000o\000a\000c\000h\000e\000s\000\040\000t\000o\000\040\000s\000u\000p\000p\000o\000r\000t\000i\000n\000g\000\040\000f\000l\000o\000o\000d\000\040\000r\000e\000p\000o\000r\000t\000i\000n\000g\000\040\000a\000n\000d\000\040\000r\000e\000l\000i\000e\000f\000\040\000c\000o\000o\000r\000d\000i\000n\000a\000t\000i\000o\000n\000\040\000u\000s\000i\000n\000g\000\040\000t\000e\000c\000h\000n\000o\000l\000o\000g\000y}{section.1.1}% 8
\BOOKMARK [1][-]{section.1.2}{\376\377\000P\000r\000o\000b\000l\000e\000m\000\040\000S\000t\000a\000t\000e\000m\000e\000n\000t}{chapter.1}% 9
\BOOKMARK [1][-]{section.1.3}{\376\377\000S\000c\000o\000p\000e\000\040\000A\000n\000d\000\040\000O\000b\000j\000e\000c\000t\000i\000v\000e\000s}{chapter.1}% 10
\BOOKMARK [2][-]{subsection.1.3.1}{\376\377\000G\000o\000a\000l\000s\000\040\000o\000f\000\040\000V\000i\000e\000t\000F\000l\000o\000o\000d}{section.1.3}% 11
\BOOKMARK [2][-]{subsection.1.3.2}{\376\377\000S\000y\000s\000t\000e\000m\000\040\000A\000c\000t\000o\000r\000s\000\040\000a\000n\000d\000\040\000B\000a\000s\000i\000c\000\040\000F\000u\000n\000c\000t\000i\000o\000n\000s}{section.1.3}% 12
\BOOKMARK [2][-]{subsection.1.3.3}{\376\377\000T\000h\000e\000s\000i\000s\000\040\000S\000t\000r\000u\000c\000t\000u\000r\000e}{section.1.3}% 13
\BOOKMARK [0][-]{chapter.2}{\376\377\000B\000a\000c\000k\000g\000r\000o\000u\000n\000d\000\040\000a\000n\000d\000\040\000R\000e\000l\000a\000t\000e\000d\000\040\000W\000o\000r\000k\000s}{}% 14
\BOOKMARK [1][-]{section.2.1}{\376\377\000B\000a\000c\000k\000g\000r\000o\000u\000n\000d}{chapter.2}% 15
\BOOKMARK [2][-]{subsection.2.1.1}{\376\377\000F\000l\000o\000o\000d\000\040\000R\000e\000p\000o\000r\000t\000s\000\040\000a\000s\000\040\000S\000t\000r\000u\000c\000t\000u\000r\000e\000d\000\040\000F\000i\000e\000l\000d\000\040\000R\000e\000c\000o\000r\000d\000s}{section.2.1}% 16
\BOOKMARK [2][-]{subsection.2.1.2}{\376\377\000T\000h\000e\000\040\000R\000o\000l\000e\000\040\000o\000f\000\040\000M\000o\000b\000i\000l\000e\000\040\000R\000e\000p\000o\000r\000t\000i\000n\000g}{section.2.1}% 17
\BOOKMARK [2][-]{subsection.2.1.3}{\376\377\000T\000h\000e\000\040\000R\000o\000l\000e\000\040\000o\000f\000\040\000W\000e\000b\000-\000B\000a\000s\000e\000d\000\040\000R\000e\000v\000i\000e\000w}{section.2.1}% 18
\BOOKMARK [1][-]{section.2.2}{\376\377\000R\000e\000l\000a\000t\000e\000d\000\040\000W\000o\000r\000k\000\040\000a\000n\000d\000\040\000T\000e\000c\000h\000n\000i\000c\000a\000l\000\040\000F\000o\000u\000n\000d\000a\000t\000i\000o\000n\000s}{chapter.2}% 19
\BOOKMARK [2][-]{subsection.2.2.1}{\376\377\000I\000n\000f\000o\000r\000m\000a\000l\000\040\000R\000e\000p\000o\000r\000t\000i\000n\000g\000\040\000C\000h\000a\000n\000n\000e\000l\000s}{section.2.2}% 20
\BOOKMARK [2][-]{subsection.2.2.2}{\376\377\000C\000e\000n\000t\000r\000a\000l\000i\000z\000e\000d\000\040\000W\000e\000b\000\040\000S\000y\000s\000t\000e\000m\000s}{section.2.2}% 21
\BOOKMARK [2][-]{subsection.2.2.3}{\376\377\000A\000P\000I\000\040\000G\000a\000t\000e\000w\000a\000y\000\040\000P\000a\000t\000t\000e\000r\000n}{section.2.2}% 22
\BOOKMARK [2][-]{subsection.2.2.4}{\376\377\000M\000e\000s\000s\000a\000g\000e\000\040\000Q\000u\000e\000u\000e\000s\000\040\000B\000e\000t\000w\000e\000e\000n\000\040\000S\000e\000r\000v\000i\000c\000e\000s}{section.2.2}% 23
\BOOKMARK [2][-]{subsection.2.2.5}{\376\377\000A\000u\000t\000h\000e\000n\000t\000i\000c\000a\000t\000i\000o\000n\000\040\000a\000n\000d\000\040\000R\000o\000l\000e\000-\000B\000a\000s\000e\000d\000\040\000A\000c\000c\000e\000s\000s}{section.2.2}% 24
\BOOKMARK [2][-]{subsection.2.2.6}{\376\377\000M\000e\000d\000i\000a\000\040\000E\000v\000i\000d\000e\000n\000c\000e\000\040\000a\000n\000d\000\040\000C\000l\000o\000u\000d\000\040\000S\000t\000o\000r\000a\000g\000e}{section.2.2}% 25
\BOOKMARK [2][-]{subsection.2.2.7}{\376\377\000D\000a\000t\000a\000b\000a\000s\000e\000\040\000a\000n\000d\000\040\000C\000a\000c\000h\000e}{section.2.2}% 26
\BOOKMARK [2][-]{subsection.2.2.8}{\376\377\000S\000h\000a\000r\000e\000d\000\040\000I\000n\000f\000r\000a\000s\000t\000r\000u\000c\000t\000u\000r\000e\000\040\000P\000a\000c\000k\000a\000g\000e}{section.2.2}% 27
\BOOKMARK [2][-]{subsection.2.2.9}{\376\377\000C\000o\000n\000t\000a\000i\000n\000e\000r\000i\000z\000e\000d\000\040\000D\000e\000p\000l\000o\000y\000m\000e\000n\000t}{section.2.2}% 28
\BOOKMARK [1][-]{section.2.3}{\376\377\000C\000o\000m\000p\000a\000r\000i\000s\000o\000n\000\040\000o\000f\000\040\000D\000e\000s\000i\000g\000n\000\040\000A\000p\000p\000r\000o\000a\000c\000h\000e\000s}{chapter.2}% 29
\BOOKMARK [0][-]{chapter.3}{\376\377\000M\000e\000t\000h\000o\000d\000o\000l\000o\000g\000y}{}% 30
\BOOKMARK [1][-]{section.3.1}{\376\377\000R\000e\000q\000u\000i\000r\000e\000m\000e\000n\000t\000\040\000A\000n\000a\000l\000y\000s\000i\000s}{chapter.3}% 31
\BOOKMARK [2][-]{subsection.3.1.1}{\376\377\000F\000u\000n\000c\000t\000i\000o\000n\000a\000l\000\040\000R\000e\000q\000u\000i\000r\000e\000m\000e\000n\000t\000s}{section.3.1}% 32
\BOOKMARK [2][-]{subsection.3.1.2}{\376\377\000N\000o\000n\000-\000F\000u\000n\000c\000t\000i\000o\000n\000a\000l\000\040\000R\000e\000q\000u\000i\000r\000e\000m\000e\000n\000t\000s}{section.3.1}% 33
\BOOKMARK [1][-]{section.3.2}{\376\377\000A\000c\000t\000o\000r\000\040\000A\000n\000a\000l\000y\000s\000i\000s}{chapter.3}% 34
\BOOKMARK [2][-]{subsection.3.2.1}{\376\377\000C\000i\000t\000i\000z\000e\000n\000\040\000A\000c\000t\000o\000r}{section.3.2}% 35
\BOOKMARK [2][-]{subsection.3.2.2}{\376\377\000R\000e\000l\000i\000e\000f\000\040\000A\000c\000t\000o\000r}{section.3.2}% 36
\BOOKMARK [2][-]{subsection.3.2.3}{\376\377\000A\000d\000m\000i\000n\000i\000s\000t\000r\000a\000t\000o\000r\000\040\000A\000c\000t\000o\000r}{section.3.2}% 37
\BOOKMARK [1][-]{section.3.3}{\376\377\000M\000a\000t\000e\000r\000i\000a\000l\000s\000\040\000a\000n\000d\000\040\000D\000e\000v\000e\000l\000o\000p\000m\000e\000n\000t\000\040\000T\000o\000o\000l\000s}{chapter.3}% 38
\BOOKMARK [1][-]{section.3.4}{\376\377\000S\000y\000s\000t\000e\000m\000\040\000D\000e\000s\000i\000g\000n\000\040\000M\000e\000t\000h\000o\000d}{chapter.3}% 39
\BOOKMARK [2][-]{subsection.3.4.1}{\376\377\000A\000P\000I\000\040\000G\000a\000t\000e\000w\000a\000y\000\040\000M\000e\000t\000h\000o\000d}{section.3.4}% 40
\BOOKMARK [2][-]{subsection.3.4.2}{\376\377\000M\000e\000s\000s\000a\000g\000e\000\040\000C\000o\000m\000m\000u\000n\000i\000c\000a\000t\000i\000o\000n\000\040\000M\000e\000t\000h\000o\000d}{section.3.4}% 41
\BOOKMARK [1][-]{section.3.5}{\376\377\000D\000a\000t\000a\000b\000a\000s\000e\000\040\000D\000e\000s\000i\000g\000n\000\040\000M\000e\000t\000h\000o\000d}{chapter.3}% 42
\BOOKMARK [2][-]{subsection.3.5.1}{\376\377\000C\000a\000c\000h\000e\000\040\000M\000e\000t\000h\000o\000d}{section.3.5}% 43
\BOOKMARK [1][-]{section.3.6}{\376\377\000W\000o\000r\000k\000f\000l\000o\000w\000\040\000D\000e\000s\000i\000g\000n\000\040\000M\000e\000t\000h\000o\000d}{chapter.3}% 44
\BOOKMARK [2][-]{subsection.3.6.1}{\376\377\000E\000v\000i\000d\000e\000n\000c\000e\000\040\000H\000a\000n\000d\000l\000i\000n\000g\000\040\000M\000e\000t\000h\000o\000d}{section.3.6}% 45
\BOOKMARK [2][-]{subsection.3.6.2}{\376\377\000S\000t\000a\000t\000u\000s\000\040\000R\000e\000v\000i\000e\000w\000\040\000M\000e\000t\000h\000o\000d}{section.3.6}% 46
\BOOKMARK [1][-]{section.3.7}{\376\377\000C\000l\000i\000e\000n\000t\000\040\000A\000p\000p\000l\000i\000c\000a\000t\000i\000o\000n\000\040\000M\000e\000t\000h\000o\000d}{chapter.3}% 47
\BOOKMARK [2][-]{subsection.3.7.1}{\376\377\000M\000o\000b\000i\000l\000e\000\040\000A\000p\000p\000l\000i\000c\000a\000t\000i\000o\000n\000\040\000M\000e\000t\000h\000o\000d}{section.3.7}% 48
\BOOKMARK [2][-]{subsection.3.7.2}{\376\377\000W\000e\000b\000\040\000D\000a\000s\000h\000b\000o\000a\000r\000d\000\040\000M\000e\000t\000h\000o\000d}{section.3.7}% 49
\BOOKMARK [1][-]{section.3.8}{\376\377\000R\000e\000a\000l\000-\000T\000i\000m\000e\000\040\000T\000r\000a\000c\000k\000i\000n\000g\000\040\000M\000e\000t\000h\000o\000d}{chapter.3}% 50
\BOOKMARK [1][-]{section.3.9}{\376\377\000V\000a\000l\000i\000d\000a\000t\000i\000o\000n\000\040\000M\000e\000t\000h\000o\000d}{chapter.3}% 51
\BOOKMARK [0][-]{chapter.4}{\376\377\000I\000m\000p\000l\000e\000m\000e\000n\000t\000a\000t\000i\000o\000n\000\040\000a\000n\000d\000\040\000R\000e\000s\000u\000l\000t}{}% 52
\BOOKMARK [1][-]{section.4.1}{\376\377\000T\000e\000c\000h\000n\000i\000q\000u\000e\000\040\000a\000n\000d\000\040\000T\000o\000o\000l\000s}{chapter.4}% 53
\BOOKMARK [1][-]{section.4.2}{\376\377\000M\000e\000s\000s\000a\000g\000i\000n\000g\000\040\000B\000r\000o\000k\000e\000r\000\040\000I\000m\000p\000l\000e\000m\000e\000n\000t\000a\000t\000i\000o\000n}{chapter.4}% 54
\BOOKMARK [1][-]{section.4.3}{\376\377\000A\000u\000t\000h\000e\000n\000t\000i\000c\000a\000t\000i\000o\000n\000\040\000a\000n\000d\000\040\000A\000u\000t\000h\000o\000r\000i\000z\000a\000t\000i\000o\000n\000\040\000I\000m\000p\000l\000e\000m\000e\000n\000t\000a\000t\000i\000o\000n}{chapter.4}% 55
\BOOKMARK [2][-]{subsection.4.3.1}{\376\377\000A\000u\000t\000h\000e\000n\000t\000i\000c\000a\000t\000i\000o\000n\000\040\000M\000e\000c\000h\000a\000n\000i\000s\000m\000\040\000I\000m\000p\000l\000e\000m\000e\000n\000t\000a\000t\000i\000o\000n}{section.4.3}% 56
\BOOKMARK [2][-]{subsection.4.3.2}{\376\377\000R\000e\000f\000r\000e\000s\000h\000\040\000T\000o\000k\000e\000n\000\040\000I\000m\000p\000l\000e\000m\000e\000n\000t\000a\000t\000i\000o\000n}{section.4.3}% 57
\BOOKMARK [2][-]{subsection.4.3.3}{\376\377\000A\000u\000t\000h\000o\000r\000i\000z\000a\000t\000i\000o\000n\000\040\000P\000r\000o\000c\000e\000s\000s\000\040\000I\000m\000p\000l\000e\000m\000e\000n\000t\000a\000t\000i\000o\000n}{section.4.3}% 58
\BOOKMARK [1][-]{section.4.4}{\376\377\000R\000e\000p\000o\000r\000t\000\040\000P\000r\000o\000c\000e\000s\000s\000i\000n\000g\000\040\000a\000n\000d\000\040\000E\000v\000i\000d\000e\000n\000c\000e\000\040\000U\000p\000l\000o\000a\000d\000\040\000I\000m\000p\000l\000e\000m\000e\000n\000t\000a\000t\000i\000o\000n}{chapter.4}% 59
\BOOKMARK [2][-]{subsection.4.4.1}{\376\377\000R\000e\000p\000o\000r\000t\000\040\000U\000p\000d\000a\000t\000e\000\040\000a\000n\000d\000\040\000D\000e\000l\000e\000t\000e\000\040\000I\000m\000p\000l\000e\000m\000e\000n\000t\000a\000t\000i\000o\000n}{section.4.4}% 60
\BOOKMARK [1][-]{section.4.5}{\376\377\000P\000u\000b\000l\000i\000c\000\040\000L\000i\000b\000r\000a\000r\000y\000\040\000I\000m\000p\000l\000e\000m\000e\000n\000t\000a\000t\000i\000o\000n}{chapter.4}% 61
\BOOKMARK [1][-]{section.4.6}{\376\377\000R\000e\000a\000l\000-\000T\000i\000m\000e\000\040\000T\000r\000a\000c\000k\000i\000n\000g\000\040\000I\000m\000p\000l\000e\000m\000e\000n\000t\000a\000t\000i\000o\000n}{chapter.4}% 62
\BOOKMARK [1][-]{section.4.7}{\376\377\000M\000o\000b\000i\000l\000e\000\040\000C\000i\000t\000i\000z\000e\000n\000\040\000F\000e\000a\000t\000u\000r\000e\000\040\000I\000m\000p\000l\000e\000m\000e\000n\000t\000a\000t\000i\000o\000n}{chapter.4}% 63
\BOOKMARK [2][-]{subsection.4.7.1}{\376\377\000R\000e\000p\000o\000r\000t\000\040\000L\000i\000s\000t\000\040\000a\000n\000d\000\040\000P\000r\000o\000f\000i\000l\000e\000\040\000A\000c\000c\000e\000s\000s}{section.4.7}% 64
\BOOKMARK [2][-]{subsection.4.7.2}{\376\377\000C\000r\000e\000a\000t\000e\000\040\000R\000e\000p\000o\000r\000t\000\040\000I\000m\000p\000l\000e\000m\000e\000n\000t\000a\000t\000i\000o\000n}{section.4.7}% 65
\BOOKMARK [1][-]{section.4.8}{\376\377\000R\000e\000l\000i\000e\000f\000\040\000F\000e\000a\000t\000u\000r\000e\000\040\000I\000m\000p\000l\000e\000m\000e\000n\000t\000a\000t\000i\000o\000n}{chapter.4}% 66
\BOOKMARK [1][-]{section.4.9}{\376\377\000W\000e\000b\000\040\000D\000a\000s\000h\000b\000o\000a\000r\000d\000\040\000I\000m\000p\000l\000e\000m\000e\000n\000t\000a\000t\000i\000o\000n}{chapter.4}% 67
\BOOKMARK [2][-]{subsection.4.9.1}{\376\377\000E\000v\000i\000d\000e\000n\000c\000e\000\040\000R\000e\000v\000i\000e\000w\000\040\000a\000n\000d\000\040\000S\000t\000a\000t\000u\000s\000\040\000U\000p\000d\000a\000t\000e}{section.4.9}% 68
\BOOKMARK [1][-]{section.4.10}{\376\377\000D\000e\000p\000l\000o\000y\000m\000e\000n\000t\000\040\000I\000m\000p\000l\000e\000m\000e\000n\000t\000a\000t\000i\000o\000n}{chapter.4}% 69
\BOOKMARK [1][-]{section.4.11}{\376\377\000U\000s\000e\000r\000\040\000M\000a\000n\000a\000g\000e\000m\000e\000n\000t\000\040\000I\000m\000p\000l\000e\000m\000e\000n\000t\000a\000t\000i\000o\000n}{chapter.4}% 70
\BOOKMARK [0][-]{chapter.5}{\376\377\000E\000v\000a\000l\000u\000a\000t\000i\000o\000n}{}% 71
\BOOKMARK [1][-]{section.5.1}{\376\377\000E\000v\000a\000l\000u\000a\000t\000i\000o\000n\000\040\000S\000c\000o\000p\000e\000\040\000a\000n\000d\000\040\000M\000e\000t\000h\000o\000d}{chapter.5}% 72
\BOOKMARK [1][-]{section.5.2}{\376\377\000F\000u\000n\000c\000t\000i\000o\000n\000a\000l\000\040\000C\000o\000v\000e\000r\000a\000g\000e}{chapter.5}% 73
\BOOKMARK [1][-]{section.5.3}{\376\377\000C\000l\000i\000e\000n\000t\000\040\000E\000v\000a\000l\000u\000a\000t\000i\000o\000n}{chapter.5}% 74
\BOOKMARK [1][-]{section.5.4}{\376\377\000D\000a\000t\000a\000\040\000I\000n\000t\000e\000g\000r\000i\000t\000y\000\040\000a\000n\000d\000\040\000S\000t\000o\000r\000a\000g\000e}{chapter.5}% 75
\BOOKMARK [1][-]{section.5.5}{\376\377\000S\000e\000c\000u\000r\000i\000t\000y\000\040\000a\000n\000d\000\040\000A\000c\000c\000e\000s\000s\000\040\000C\000o\000n\000t\000r\000o\000l}{chapter.5}% 76
\BOOKMARK [1][-]{section.5.6}{\376\377\000D\000e\000p\000l\000o\000y\000m\000e\000n\000t\000\040\000a\000n\000d\000\040\000O\000p\000e\000r\000a\000t\000i\000o\000n\000a\000l\000\040\000R\000e\000a\000d\000i\000n\000e\000s\000s}{chapter.5}% 77
\BOOKMARK [1][-]{section.5.7}{\376\377\000E\000v\000a\000l\000u\000a\000t\000i\000o\000n\000\040\000S\000u\000m\000m\000a\000r\000y}{chapter.5}% 78
\BOOKMARK [0][-]{chapter.6}{\376\377\000C\000o\000n\000c\000l\000u\000s\000i\000o\000n\000\040\000a\000n\000d\000\040\000F\000u\000t\000u\000r\000e\000\040\000W\000o\000r\000k\000s}{}% 79
\BOOKMARK [1][-]{section.6.1}{\376\377\000C\000o\000n\000c\000l\000u\000s\000i\000o\000n}{chapter.6}% 80
\BOOKMARK [1][-]{section.6.2}{\376\377\000F\000u\000t\000u\000r\000e\000\040\000W\000o\000r\000k}{chapter.6}% 81
\BOOKMARK [0][-]{appendix.A}{\376\377\000A\000P\000I\000\040\000R\000e\000s\000p\000o\000n\000s\000e\000\040\000S\000a\000m\000p\000l\000e\000s}{}% 82
\BOOKMARK [1][-]{section.A.1}{\376\377\000A\000P\000I\000\040\000E\000n\000d\000p\000o\000i\000n\000t\000\040\000L\000i\000s\000t}{appendix.A}% 83
\BOOKMARK [1][-]{section.A.2}{\376\377\000S\000i\000g\000n\000\040\000I\000n}{appendix.A}% 84
\BOOKMARK [1][-]{section.A.3}{\376\377\000R\000e\000f\000r\000e\000s\000h\000\040\000A\000c\000c\000e\000s\000s\000\040\000T\000o\000k\000e\000n}{appendix.A}% 85
\BOOKMARK [1][-]{section.A.4}{\376\377\000U\000s\000e\000r\000\040\000P\000r\000o\000f\000i\000l\000e}{appendix.A}% 86
\BOOKMARK [1][-]{section.A.5}{\376\377\000C\000r\000e\000a\000t\000e\000\040\000R\000e\000p\000o\000r\000t}{appendix.A}% 87
\BOOKMARK [0][-]{appendix.B}{\376\377\000I\000n\000t\000e\000r\000f\000a\000c\000e\000\040\000S\000c\000r\000e\000e\000n\000s\000h\000o\000t\000s}{}% 88
\BOOKMARK [1][-]{section.B.1}{\376\377\000S\000c\000r\000e\000e\000n\000s\000h\000o\000t\000s}{appendix.B}% 89
\BOOKMARK [0][-]{appendix.C}{\376\377\000V\000a\000l\000i\000d\000a\000t\000i\000o\000n\000\040\000T\000e\000s\000t\000\040\000C\000a\000s\000e\000s}{}% 90
\BOOKMARK [1][-]{section.C.1}{\376\377\000A\000u\000t\000h\000e\000n\000t\000i\000c\000a\000t\000i\000o\000n\000\040\000a\000n\000d\000\040\000U\000s\000e\000r\000\040\000M\000a\000n\000a\000g\000e\000m\000e\000n\000t}{appendix.C}% 91
\BOOKMARK [1][-]{section.C.2}{\376\377\000R\000e\000p\000o\000r\000t\000\040\000W\000o\000r\000k\000f\000l\000o\000w\000\040\000a\000n\000d\000\040\000E\000v\000i\000d\000e\000n\000c\000e\000\040\000H\000a\000n\000d\000l\000i\000n\000g}{appendix.C}% 92
\BOOKMARK [1][-]{section.C.3}{\376\377\000R\000e\000a\000l\000-\000t\000i\000m\000e\000\040\000L\000o\000c\000a\000t\000i\000o\000n\000\040\000T\000r\000a\000c\000k\000i\000n\000g\000\040\000\050\000S\000o\000c\000k\000e\000t\000.\000I\000O\000\051}{appendix.C}% 93
\BOOKMARK [0][-]{appendix.D}{\376\377\000D\000e\000p\000l\000o\000y\000m\000e\000n\000t\000\040\000a\000n\000d\000\040\000C\000o\000n\000f\000i\000g\000u\000r\000a\000t\000i\000o\000n}{}% 94
\BOOKMARK [1][-]{section.D.1}{\376\377\000D\000e\000p\000l\000o\000y\000m\000e\000n\000t\000\040\000N\000o\000t\000e\000s}{appendix.D}% 95
